// Jest Snapshot v1, https://goo.gl/fbAQLP

exports[`Caption component snapshot 1`] = `
<div
  className="CaptionContainer CaptionContainer_DebugColor DebugWireframe"
  data-testid="CaptionComponentTestId"
  style={
    Object {
      "width": undefined,
    }
  }
>
  <div
    className="IconContainer IconContainer_DebugColor DebugWireframe"
  >
    <i
      aria-hidden="true"
      className="image icon"
      onClick={[Function]}
    />
  </div>
  <p
    className="ContentPageCaptionTextSize ContentPageCaptionTextSize_DebugColor DebugWireframe CaptionText CaptionText_DebugColor DebugWireframe"
  >
    This is a caption
  </p>
</div>
`;
