// Jest Snapshot v1, https://goo.gl/fbAQLP

exports[`CircularImage component snapshot 1`] = `
<div
  className="CircularImageOuterContainer CircularImageOuterContainer_DebugColor DebugWireframe"
>
  <div
    className="CircularImageCore"
  >
    <img
      alt="Chewbaaka"
      className="CircularImageImg"
      src="https://sotinpc.files.wordpress.com/2013/04/day-of-rememberance.jpg"
    />
  </div>
  <div
    className="CircularImageTitleContainer"
  >
    <p
      className="CircularImageTitle"
    >
      Chewbaaka
    </p>
  </div>
</div>
`;
