// Jest Snapshot v1, https://goo.gl/fbAQLP

exports[`ContentPageSideNavMenu component snapshot 1`] = `
<div
  className="ContentPageSideNavMenuOuterContainer CommonRoundedBorderRadiusStyle"
  data-testid="ContentPageSideNavMenuComponentTestId"
>
  <div
    className="ui text vertical ContentPageSideNavMenuInnerMenu menu"
  >
    <a
      className="active item"
      href="/history/"
      onClick={[Function]}
    >
      <span
        className="ContentPageSideNavMenuTopItem"
      >
        History
      </span>
    </a>
    <a
      className="active item"
      href="/biology/"
      onClick={[Function]}
    >
      <span
        className="ContentPageSideNavMenuTopItem"
      >
        Biology
      </span>
    </a>
    <a
      className="active item"
      href="/ecology/"
      onClick={[Function]}
    >
      <span
        className="ContentPageSideNavMenuTopItem"
      >
        Ecology
      </span>
    </a>
    <a
      className="active item"
      href="/future/"
      onClick={[Function]}
    >
      <span
        className="ContentPageSideNavMenuTopItem"
      >
        Future
      </span>
    </a>
  </div>
</div>
`;
