// Jest Snapshot v1, https://goo.gl/fbAQLP

exports[`ContentPageTailPrevNextButtonNavMenu component snapshot 1`] = `
<div
  className="FluidSingleRowGridOuterContainer"
  style={
    Object {
      "justifyContent": "space-evenly",
    }
  }
>
  <a
    href="/biology"
    onClick={[Function]}
  >
    <button
      className="ui blue massive icon left labeled button"
      onClick={[Function]}
    >
      <i
        aria-hidden="true"
        className="arrow circle left icon"
        onClick={[Function]}
      />
      Biology
    </button>
  </a>
  <a
    href="/future"
    onClick={[Function]}
  >
    <button
      className="ui blue massive icon right labeled button"
      onClick={[Function]}
    >
      <i
        aria-hidden="true"
        className="arrow circle right icon"
        onClick={[Function]}
      />
      Future
    </button>
  </a>
</div>
`;
