// Jest Snapshot v1, https://goo.gl/fbAQLP

exports[`ContentPageBanner component snapshot 1`] = `
<div
  className="ContentPageSkeletonContentContainerDimension ContentPageBannerContainer CommonRoundedBorderRadiusStyle"
  data-testid="ContentPageBannerComponentTestId"
  id="ContentPageBanner"
  style={
    Object {
      "backgroundImage": "url(null)",
    }
  }
>
  <div
    className="ContentPageBannerTitleContainer"
  >
    <p
      className="ContentPageBannerTitle"
    >
      Title
    </p>
    <hr
      className="ContentPageBannerTitleLineBreak"
    />
    <p
      className="ContentPageBannerSubtitle"
    >
      This is a subtitle
    </p>
  </div>
</div>
`;
