// Jest Snapshot v1, https://goo.gl/fbAQLP

exports[`ContentPageRegularUnorderedList component snapshot 1`] = `
<ul>
  <li
    className="ContentPageRegularTextSize ContentPageRegularTextLineHeight"
  >
    This is an item
  </li>
  <li
    className="ContentPageRegularTextSize ContentPageRegularTextLineHeight"
  >
    This is another item
  </li>
</ul>
`;
