// Jest Snapshot v1, https://goo.gl/fbAQLP

exports[`ContentPageTopNavMenuBar component snapshot 1`] = `
<div
  className="ContentPageTopNavMenuBarContainer"
>
  <div
    className="ui secondary menu"
  >
    <a
      href="/home"
    >
      <div
        className="item"
        onClick={[Function]}
      >
        Home
      </div>
    </a>
    <a
      href="/history"
    >
      <div
        className="item"
        onClick={[Function]}
      >
        History
      </div>
    </a>
    <a
      href="/biology"
    >
      <div
        className="item"
        onClick={[Function]}
      >
        Biology
      </div>
    </a>
    <a
      href="/ecology"
    >
      <div
        className="item"
        onClick={[Function]}
      >
        Ecology
      </div>
    </a>
    <a
      href="/future"
    >
      <div
        className="item"
        onClick={[Function]}
      >
        Future
      </div>
    </a>
  </div>
</div>
`;
