// Jest Snapshot v1, https://goo.gl/fbAQLP

exports[`ContentPageSideNavMenu component snapshot 1`] = `
<div
  className="ContentPageSideNavMenuOuterContainer"
  data-testid="ContentPageSideNavMenuComponentTestId"
>
  <div
    className="ui text vertical menu"
  >
    <div
      className="header item"
      onClick={[Function]}
    >
      <span
        className="ContentPageSideNavMenuHeader"
      >
        Menu Title
      </span>
    </div>
    <a
      className="active item"
      href="#menuitem1"
      onClick={[Function]}
    >
      <span
        className="ContentPageSideNavMenuItem"
      >
        MenuItem1
      </span>
    </a>
    <a
      className="item"
      href="#menuitem2"
      onClick={[Function]}
    >
      <span
        className="ContentPageSideNavMenuItem"
      >
        MenuItem2
      </span>
    </a>
    <a
      className="item"
      href="#menuitem3"
      onClick={[Function]}
    >
      <span
        className="ContentPageSideNavMenuItem"
      >
        MenuItem3
      </span>
    </a>
  </div>
</div>
`;
