// Jest Snapshot v1, https://goo.gl/fbAQLP

exports[`ImageSlidingGalleryDiscrete component snapshot 1`] = `
<div
  className="ImageSlidingGalleryDiscreteOuterContainer"
  style={
    Object {
      "width": 100,
    }
  }
>
  <div
    className="ImageSlidingGalleryDiscreteInnerContainer ImageViewFamilyContainerBorderStyles ImageViewFamilyContainerShadowStyles ImageViewFamilyContainerBackgroundStyles"
    style={
      Object {
        "width": 100,
      }
    }
  >
    <div
      className="ImageSlidingGalleryDiscreteCoreContainer"
    >
      <img
        alt="Researchers used the Tuxtla Statuette to decipher the epi-Olmec writing system, which represents both syllables and words"
        className="ImageViewFamilyImgLayoutStyles ImageViewFamilyImgBorderStyles"
        height={100}
        src=""
        width={100}
      />
      <div
        className="ImageSlidingGalleryDiscreteButtonContainer ImageSlidingGalleryDiscreteButtonLhsContainer"
      >
        <button
          aria-label="Previous slide"
          className="ui blue large circular icon disabled button"
          disabled={true}
          onClick={[Function]}
          tabIndex={-1}
        >
          <i
            aria-hidden="true"
            className="arrow alternate circle left outline icon"
            onClick={[Function]}
          />
        </button>
      </div>
      <div
        className="ImageSlidingGalleryDiscreteButtonContainer ImageSlidingGalleryDiscreteButtonRhsContainer"
      >
        <button
          aria-label="Next slide"
          className="ui blue large circular icon button"
          onClick={[Function]}
        >
          <i
            aria-hidden="true"
            className="arrow alternate circle right outline icon"
            onClick={[Function]}
          />
        </button>
      </div>
    </div>
    <div
      className="ImageViewFamilyCaptionContainerStyles"
      data-testid="ImageSlidingGalleryDiscreteCaptionPart"
    >
      <div
        className="CaptionContainer"
        data-testid="CaptionComponentTestId"
        style={
          Object {
            "maxWidth": undefined,
          }
        }
      >
        <div
          className="IconContainer"
        >
          <i
            aria-hidden="true"
            className="image icon"
            onClick={[Function]}
          />
        </div>
        <p
          className="ContentPageCaptionTextSize CaptionText"
        >
          Researchers used the Tuxtla Statuette to decipher the epi-Olmec writing system, which represents both syllables and words
        </p>
      </div>
    </div>
  </div>
  <div
    className="ImageSlidingGalleryDiscreteButtonGroupContainer"
  >
    <div
      className="ui buttons"
    >
      <button
        className="ui yellow huge button"
        onClick={[Function]}
      >
        1
      </button>
      <button
        className="ui blue huge button"
        onClick={[Function]}
      >
        2
      </button>
    </div>
  </div>
</div>
`;
