// Jest Snapshot v1, https://goo.gl/fbAQLP

exports[`ImageSlide component snapshot 1`] = `
<div
  data-testid="ImageSlideComponentTestId"
>
  <div
    className="ui container"
  >
    <h1
      className="ui header"
      data-testid="ImageSlideComponentTitlePartTestId"
    >
      Cheetah evolution
    </h1>
    <img
      className="ui fluid image"
      data-testid="ImageSlideComponentImgPartTestId"
      src="cheetah-conservation-fund-logo.jpg"
    />
    <div
      className="ui center aligned container"
    >
      <div>
        <div
          className="ui black label"
          data-testid="ImageSlideComponentLabelPartTestId"
          onClick={[Function]}
        >
          image01
        </div>
      </div>
      <div
        className="ui yellow circular label"
        data-testid="ImageSlideComponentSliderBeginLabelPartTestId"
        onClick={[Function]}
      >
        Start
      </div>
      <input
        data-testid="ImageSlideComponentSliderPartTestId"
        max={1}
        min={0}
        onChange={[Function]}
        type="range"
        value={0}
      />
      <div
        className="ui orange circular label"
        data-testid="ImageSlideComponentSliderEndLabelPartTestId"
        onClick={[Function]}
      >
        Finish
      </div>
      <p
        data-testid="ImageSlideComponentCaptionPartTestId"
      >
        Slide to see change
      </p>
    </div>
  </div>
</div>
`;
