// Jest Snapshot v1, https://goo.gl/fbAQLP

exports[`MediaLinkButton component snapshot 1`] = `
<div
  className="MediaLinkButton CommonButtonRoundedBorderRadiusStyle"
>
  <a
    href="https://www.youtube.com/watch?v=WYjeEG06cjc"
  >
    <span>
      Watch "Walking with Chewbaaka" on YouTube
    </span>
    <i
      aria-hidden="true"
      className="file video icon"
      onClick={[Function]}
    />
  </a>
</div>
`;
