// Jest Snapshot v1, https://goo.gl/fbAQLP

exports[`MediaLinkButton component snapshot 1`] = `
<div>
  <a
    href="https://www.youtube.com/watch?v=WYjeEG06cjc"
  >
    <button
      className="ui blue icon button"
      onClick={[Function]}
    >
      Watch "Walking with Chewbaaka" on YouTube
      <i
        aria-hidden="true"
        className="file video icon"
        onClick={[Function]}
      />
    </button>
  </a>
</div>
`;
