// Jest Snapshot v1, https://goo.gl/fbAQLP

exports[`QnAPopUp component snapshot 1`] = `
<div
  className="QnAPopUpContainer"
>
  <div
    className="QnAPopUpButtonGroupContainer"
  >
    <div
      className="ui blue large label"
      onClick={[Function]}
    >
      Did You Know
      <button
        className="ui orange circular icon button QuestionButton"
        onClick={[Function]}
      >
        <i
          aria-hidden="true"
          className="question icon"
          onClick={[Function]}
        />
      </button>
    </div>
  </div>
  <div
    className="QnAPopUpTextSecondaryBubbleContainer"
  >
    <div
      className="TextBubbleOuterContainerFlexWrapper"
    >
      <div
        className="TextBubbleOuterContainer"
        hidden={true}
        style={
          Object {
            "backgroundColor": "rgb(undefined)",
            "maxWidth": 45,
            "minHeight": 45,
          }
        }
      >
        <div
          className="TextBubbleInnerContainer"
        >
          <div
            className="TextBubbleInnerCore"
          >
            <h1
              style={
                Object {
                  "color": "rgb(undefined)",
                  "fontSize": 3.6,
                }
              }
            >
              
            </h1>
            <p
              style={
                Object {
                  "color": "rgb(undefined)",
                  "fontSize": 2.25,
                }
              }
            >
              
            </p>
          </div>
        </div>
      </div>
    </div>
  </div>
  <div
    className="QnAPopUpMainTextBubbleContainer"
  >
    <div
      className="TextBubbleOuterContainerFlexWrapper"
    >
      <div
        className="TextBubbleOuterContainer"
        hidden={true}
        style={
          Object {
            "backgroundColor": "rgb(undefined)",
            "maxWidth": 320,
            "minHeight": 320,
          }
        }
      >
        <div
          className="TextBubbleInnerContainer"
        >
          <div
            className="TextBubbleInnerCore"
          >
            <h1
              style={
                Object {
                  "color": "rgb(undefined)",
                  "fontSize": 25.6,
                }
              }
            >
              Did you know?
            </h1>
            <p
              style={
                Object {
                  "color": "rgb(undefined)",
                  "fontSize": 16,
                }
              }
            >
              The cheetah is the fastest land animal!
            </p>
          </div>
        </div>
      </div>
    </div>
  </div>
</div>
`;
