// Jest Snapshot v1, https://goo.gl/fbAQLP

exports[`QnAPopUp component snapshot 1`] = `
<div
  className="QnAPopUpContainer QnAPopUpContainer_DebugColor DebugWireframe"
>
  <div
    className="QnAPopUpButtonGroupContainer QnAPopUpButtonGroupContainer_DebugColor DebugWireframe"
  >
    <div
      className="ui blue large label"
      onClick={[Function]}
    >
      Did You Know
      <button
        className="ui orange circular icon button QuestionButton"
        onClick={[Function]}
      >
        <i
          aria-hidden="true"
          className="question icon"
          onClick={[Function]}
        />
      </button>
    </div>
  </div>
  <div
    className="QnAPopUpTextSecondaryBubbleContainer QnAPopUpTextSecondaryBubbleContainer_DebugColor DebugWireframe"
  >
    <div
      className="TextBubbleOuterContainer"
      hidden={true}
      style={
        Object {
          "backgroundColor": "rgb(undefined)",
          "height": 45,
          "width": 45,
        }
      }
    >
      <div
        className="TextBubbleInnerContainer"
      >
        <div
          className="TextBubbleInnerCore"
        >
          <h1
            style={
              Object {
                "color": "rgb(undefined)",
                "fontSize": 3.6,
              }
            }
          >
            
          </h1>
          <p
            style={
              Object {
                "color": "rgb(undefined)",
                "fontSize": 2.25,
              }
            }
          >
            
          </p>
        </div>
      </div>
    </div>
  </div>
  <div
    className="QnAPopUpMainTextBubbleContainer QnAPopUpMainTextBubbleContainer_DebugColor DebugWireframe"
  >
    <div
      className="TextBubbleOuterContainer"
      hidden={true}
      style={
        Object {
          "backgroundColor": "rgb(undefined)",
          "height": 320,
          "width": 320,
        }
      }
    >
      <div
        className="TextBubbleInnerContainer"
      >
        <div
          className="TextBubbleInnerCore"
        >
          <h1
            style={
              Object {
                "color": "rgb(undefined)",
                "fontSize": 25.6,
              }
            }
          >
            Did you know?
          </h1>
          <p
            style={
              Object {
                "color": "rgb(undefined)",
                "fontSize": 16,
              }
            }
          >
            The cheetah is the fastest land animal!
          </p>
        </div>
      </div>
    </div>
  </div>
</div>
`;
