// Jest Snapshot v1, https://goo.gl/fbAQLP

exports[`BigCatSpotsIllustration component snapshot 1`] = `
<div
  className="BigCatSpotsIllustrationOuterContainer"
>
  <div>
    <h4
      className="IllustrationFontName IllustrationTitleFontSize"
    >
      What Cat am I?
    </h4>
    <h5
      className="IllustrationFontName IllustrationSubtitleFontSize"
    >
      Identify the cat by looking at coat patterns and colors.
    </h5>
    <div
      className="ui four column grid"
    >
      <div
        className="row"
      >
        <div
          className="column"
        >
          <div
            className="BigCatSpotsIllustrationItemContainer"
          >
            <div
              className="BigCatSpotsIllustrationTextRevealDetailedContainer"
            >
              <div
                style={
                  Object {
                    "position": "absolute",
                  }
                }
              >
                <div
                  className="ui fade reveal"
                >
                  <div
                    className="ui visible content"
                  >
                    <div
                      className="TextRevealDetailedCoverContainer"
                    >
                      <img
                        className="ui image"
                        height={200}
                        src="pelt_spot_tiger-min.jpg"
                        width={200}
                      />
                    </div>
                  </div>
                  <div
                    className="ui hidden content"
                  >
                    <div
                      className="TextRevealDetailedContentContainer"
                      style={
                        Object {
                          "backgroundColor": "green",
                        }
                      }
                    >
                      <img
                        alt="Tiger"
                        height={200}
                        src="cat_thumbnail_tiger-min.jpg"
                        width={200}
                      />
                      <p
                        className="TextRevealDetailedCaptionText"
                      >
                        Tiger
                      </p>
                    </div>
                  </div>
                </div>
              </div>
            </div>
            <p
              className="ContentPageCaptionTextSize"
            >
              I live in well-watered grasslands, scrubs, woodlands, or reed beds.
            </p>
          </div>
        </div>
        <div
          className="column"
        >
          <div
            className="BigCatSpotsIllustrationItemContainer"
          >
            <div
              className="BigCatSpotsIllustrationTextRevealDetailedContainer"
            >
              <div
                style={
                  Object {
                    "position": "absolute",
                  }
                }
              >
                <div
                  className="ui fade reveal"
                >
                  <div
                    className="ui visible content"
                  >
                    <div
                      className="TextRevealDetailedCoverContainer"
                    >
                      <img
                        className="ui image"
                        height={200}
                        src="pelt_spot_jaguar-min.jpg"
                        width={200}
                      />
                    </div>
                  </div>
                  <div
                    className="ui hidden content"
                  >
                    <div
                      className="TextRevealDetailedContentContainer"
                      style={
                        Object {
                          "backgroundColor": "green",
                        }
                      }
                    >
                      <img
                        alt="Jaguar"
                        height={200}
                        src="cat_thumbnail_jaguar-min.jpg"
                        width={200}
                      />
                      <p
                        className="TextRevealDetailedCaptionText"
                      >
                        Jaguar
                      </p>
                    </div>
                  </div>
                </div>
              </div>
            </div>
            <p
              className="ContentPageCaptionTextSize"
            >
              I'm from South America and live in the jungle.
            </p>
          </div>
        </div>
        <div
          className="column"
        >
          <div
            className="BigCatSpotsIllustrationItemContainer"
          >
            <div
              className="BigCatSpotsIllustrationTextRevealDetailedContainer"
            >
              <div
                style={
                  Object {
                    "position": "absolute",
                  }
                }
              >
                <div
                  className="ui fade reveal"
                >
                  <div
                    className="ui visible content"
                  >
                    <div
                      className="TextRevealDetailedCoverContainer"
                    >
                      <img
                        className="ui image"
                        height={200}
                        src="pelt_spot_cheetah-min.jpg"
                        width={200}
                      />
                    </div>
                  </div>
                  <div
                    className="ui hidden content"
                  >
                    <div
                      className="TextRevealDetailedContentContainer"
                      style={
                        Object {
                          "backgroundColor": "green",
                        }
                      }
                    >
                      <img
                        alt="Cheetah"
                        height={200}
                        src="cat_thumbnail_cheetah-min.jpg"
                        width={200}
                      />
                      <p
                        className="TextRevealDetailedCaptionText"
                      >
                        Cheetah
                      </p>
                    </div>
                  </div>
                </div>
              </div>
            </div>
            <p
              className="ContentPageCaptionTextSize"
            >
              I can live anywhere but prefer savannas.
            </p>
          </div>
        </div>
        <div
          className="column"
        >
          <div
            className="BigCatSpotsIllustrationItemContainer"
          >
            <div
              className="BigCatSpotsIllustrationTextRevealDetailedContainer"
            >
              <div
                style={
                  Object {
                    "position": "absolute",
                  }
                }
              >
                <div
                  className="ui fade reveal"
                >
                  <div
                    className="ui visible content"
                  >
                    <div
                      className="TextRevealDetailedCoverContainer"
                    >
                      <img
                        className="ui image"
                        height={200}
                        src="pelt_spot_leopard-min.jpg"
                        width={200}
                      />
                    </div>
                  </div>
                  <div
                    className="ui hidden content"
                  >
                    <div
                      className="TextRevealDetailedContentContainer"
                      style={
                        Object {
                          "backgroundColor": "green",
                        }
                      }
                    >
                      <img
                        alt="Leopard"
                        height={200}
                        src="cat_thumbnail_leopard-min.jpg"
                        width={200}
                      />
                      <p
                        className="TextRevealDetailedCaptionText"
                      >
                        Leopard
                      </p>
                    </div>
                  </div>
                </div>
              </div>
            </div>
            <p
              className="ContentPageCaptionTextSize"
            >
              I can live anywhere that is rich in prey and has thick bush for cover. I'm often seen resting on trees.
            </p>
          </div>
        </div>
      </div>
    </div>
  </div>
</div>
`;
