// Jest Snapshot v1, https://goo.gl/fbAQLP

exports[`BiologyPageSubsectionGeneticConfusion component snapshot 1`] = `
<div
  className="ContentPageSubsectionTemplateOuterContainer ContentPageSubsectionTemplateOuterContainer_DebugColor DebugWireframe"
>
  <div
    className="ContentPageSubsectionTemplateInnerContainer ContentPageSubsectionTemplateInnerContainer_DebugColor DebugWireframe ContentPageContentInnerContentDimension ContentPageContentInnerContentDimension_DebugColor DebugWireframe"
  >
    <h3
      className="ContentPageSubsectionTitle ContentPageSubsectionTitle_DebugColor DebugWireframe"
    >
      Genetic Confusion
    </h3>
    <div>
      <div
        className="OverflowHidden"
      >
        <div
          className="FloatRight HorizontalCusionPaddingLeft"
        >
          <div
            className="TextBubbleOuterContainer"
            style={
              Object {
                "backgroundColor": "rgb(254,182,40)",
                "height": 520,
                "width": 520,
              }
            }
          >
            <div
              className="TextBubbleInnerContainer"
            >
              <div
                className="TextBubbleInnerCore"
              >
                <h1
                  style={
                    Object {
                      "color": "rgb(undefined)",
                      "fontSize": 41.6,
                    }
                  }
                >
                  How does this relate to the cheetah?
                </h1>
                <p
                  style={
                    Object {
                      "color": "rgb(undefined)",
                      "fontSize": 21,
                    }
                  }
                >
                  Cheetahs are very closely related and have a low genetic diversity. This is due to the drastic reduction in their numbers when the population bottleneck occurred. This inbreeding and low genetic diversity may cause abnormalities.
                </p>
              </div>
            </div>
          </div>
        </div>
        <p
          className="ContentPageRegularTextSize ContentPageRegularTextSize_DebugColor DebugWireframe ContentPageContentParagraphText ContentPageContentParagraphText_DebugColor DebugWireframe"
        >
          Genes are the components of living cells that pass down inherited characteristics such as brown eyes or curly hair in humans.
        </p>
        <p
          className="ContentPageRegularTextSize ContentPageRegularTextSize_DebugColor DebugWireframe ContentPageContentParagraphText ContentPageContentParagraphText_DebugColor DebugWireframe"
        >
          Genetic diversity is the variety of genes in an organism or in a population. Diversity increases the likelihood that a given species can adapt and survive catastrophes such as sudden environmental changes or exposure to new diseases.
        </p>
        <p
          className="ContentPageRegularTextSize ContentPageRegularTextSize_DebugColor DebugWireframe ContentPageContentParagraphText ContentPageContentParagraphText_DebugColor DebugWireframe"
        >
          Diversity is reduced when inbreeding occurs. This means members of the same family or close relatives breed only among themselves.
        </p>
      </div>
    </div>
  </div>
</div>
`;
