// Jest Snapshot v1, https://goo.gl/fbAQLP

exports[`BiologyPageSubsectionAnatomy component snapshot 1`] = `
<section
  className="ContentPageSubsectionTemplateOuterContainer"
>
  <h3
    className="ContentPageSubsectionTitle"
  >
    Anatomy
  </h3>
  <div>
    <p
      className="ContentPageRegularTextSize ContentPageRegularTextLineHeight ContentPageContentParagraphText"
    >
      All parts of the cheetah's body work in unison during a high speed run, and the sum of each of their role together is greater than the individual parts. Explore the illustration below to learn about the role and function of each highlighted body part.
    </p>
    <div />
  </div>
</section>
`;
