// Jest Snapshot v1, https://goo.gl/fbAQLP

exports[`BiologyPageSubsectionFeetAndClaws component snapshot 1`] = `
<section
  className="ContentPageSubsectionTemplateOuterContainer"
>
  <h3
    className="ContentPageSubsectionTitle"
  >
    Feet and Claws
  </h3>
  <div>
    <div
      className="ContentPageSubsectionPartContainer"
    >
      <div
        className="ContentPageSideFloatFluidContainerOuterContainer"
      >
        <div
          className="ContentPageSideFloatFluidContainerFloatPartContainer BottomMargin20px FloatRight"
        >
          <div
            className="ImageViewOuterContainer"
            style={
              Object {
                "maxWidth": 403,
              }
            }
          >
            <div
              className="ImageViewInnerContainer"
            >
              <div
                className="ImageViewImgContainer"
              >
                <img
                  alt="The paws of the cheetah have a distinct shape compared to some of the other carnivores."
                  className="ImageViewImg"
                  height={480}
                  src="cheetah_paw-min.jpg"
                  width={403}
                />
              </div>
              <div
                className="ImageViewCaptionContainer"
              >
                <div
                  className="CaptionContainer"
                  data-testid="CaptionComponentTestId"
                  style={
                    Object {
                      "maxWidth": 403,
                    }
                  }
                >
                  <div
                    className="IconContainer"
                  >
                    <i
                      aria-hidden="true"
                      className="image icon"
                      onClick={[Function]}
                    />
                  </div>
                  <p
                    className="ContentPageCaptionTextSize CaptionText"
                  >
                    The paws of the cheetah have a distinct shape compared to some of the other carnivores.
                  </p>
                </div>
              </div>
            </div>
          </div>
        </div>
        <div
          className="ContentPageSideFloatFluidContainerFixedPartContainer FloatLeft"
        >
          <div
            className="TextBubbleOuterContainerFlexWrapper"
          >
            <div
              className="TextBubbleOuterContainer"
              style={
                Object {
                  "backgroundColor": "rgb(undefined)",
                  "maxWidth": 520,
                  "minHeight": 520,
                }
              }
            >
              <div
                className="TextBubbleInnerContainer"
              >
                <div
                  className="TextBubbleInnerCore"
                >
                  <h1
                    style={
                      Object {
                        "color": "rgb(undefined)",
                        "fontSize": 41.6,
                      }
                    }
                  >
                    Foot
                  </h1>
                  <p
                    style={
                      Object {
                        "color": "rgb(undefined)",
                        "fontSize": 21,
                      }
                    }
                  >
                    Cheetah’s foot pads are hard and less rounded than the other cats. The pads function like tire threads providing them with increased traction in fast, sharp turns. 
                  </p>
                </div>
              </div>
            </div>
          </div>
        </div>
      </div>
    </div>
    <div
      className="ContentPageSubsectionPartContainer"
    >
      <div
        className="ContentPageSideFloatFluidContainerOuterContainer"
      >
        <div
          className="ContentPageSideFloatFluidContainerFloatPartContainer BottomMargin20px FloatRight"
        >
          <div
            className="TextBubbleOuterContainerFlexWrapper"
          >
            <div
              className="TextBubbleOuterContainer"
              style={
                Object {
                  "backgroundColor": "rgb(undefined)",
                  "maxWidth": 490,
                  "minHeight": 490,
                }
              }
            >
              <div
                className="TextBubbleInnerContainer"
              >
                <div
                  className="TextBubbleInnerCore"
                >
                  <h1
                    style={
                      Object {
                        "color": "rgb(undefined)",
                        "fontSize": 39.2,
                      }
                    }
                  >
                    Claw
                  </h1>
                  <p
                    style={
                      Object {
                        "color": "rgb(undefined)",
                        "fontSize": 21,
                      }
                    }
                  >
                    The short blunt claws work like the cleats on a track shoe. They grip the ground for traction when running and help increase speed. 
                    Cheetah’s claws are semi-retractable, meaning they do not completely retract like the claws of other cats. The foot structure of the cheetah is very dog-like. 
                  </p>
                </div>
              </div>
            </div>
          </div>
        </div>
        <div
          className="ContentPageSideFloatFluidContainerFixedPartContainer FloatLeft"
        >
          <div
            className="ImageViewOuterContainer"
            style={
              Object {
                "maxWidth": 480,
              }
            }
          >
            <div
              className="ImageViewInnerContainer"
            >
              <div
                className="ImageViewImgContainer"
              >
                <img
                  alt="Compare the cheetah's claws to that of the dogs and other cats, it's somewhere in between in terms of retractability."
                  className="ImageViewImg"
                  height={300}
                  src="Cheetah_Cat_Dog_Claws_Comparison_Inverted_L-min.png"
                  width={480}
                />
              </div>
              <div
                className="ImageViewCaptionContainer"
              >
                <div
                  className="CaptionContainer"
                  data-testid="CaptionComponentTestId"
                  style={
                    Object {
                      "maxWidth": 480,
                    }
                  }
                >
                  <div
                    className="IconContainer"
                  >
                    <i
                      aria-hidden="true"
                      className="image icon"
                      onClick={[Function]}
                    />
                  </div>
                  <p
                    className="ContentPageCaptionTextSize CaptionText"
                  >
                    Compare the cheetah's claws to that of the dogs and other cats, it's somewhere in between in terms of retractability.
                  </p>
                </div>
              </div>
            </div>
          </div>
        </div>
      </div>
    </div>
    <div
      className="ContentPageSubsectionPartContainer"
    >
      <div
        className="ContentPageSideFloatFluidContainerOuterContainer"
      >
        <div
          className="ContentPageSideFloatFluidContainerFloatPartContainer BottomMargin20px FloatRight"
        >
          <div
            className="ImageViewOuterContainer"
            style={
              Object {
                "maxWidth": 480,
              }
            }
          >
            <div
              className="ImageViewInnerContainer"
            >
              <div
                className="ImageViewImgContainer"
              >
                <img
                  alt="Cheetah dewclaw."
                  className="ImageViewImg"
                  height={214}
                  src="cheetah_dewclaw-min.jpg"
                  width={480}
                />
              </div>
              <div
                className="ImageViewCaptionContainer"
              >
                <div
                  className="CaptionContainer"
                  data-testid="CaptionComponentTestId"
                  style={
                    Object {
                      "maxWidth": 480,
                    }
                  }
                >
                  <div
                    className="IconContainer"
                  >
                    <i
                      aria-hidden="true"
                      className="image icon"
                      onClick={[Function]}
                    />
                  </div>
                  <p
                    className="ContentPageCaptionTextSize CaptionText"
                  >
                    Cheetah dewclaw.
                  </p>
                </div>
              </div>
            </div>
          </div>
        </div>
        <div
          className="ContentPageSideFloatFluidContainerFixedPartContainer FloatLeft"
        >
          <div
            className="TextBubbleOuterContainerFlexWrapper"
          >
            <div
              className="TextBubbleOuterContainer"
              style={
                Object {
                  "backgroundColor": "rgb(undefined)",
                  "maxWidth": 520,
                  "minHeight": 520,
                }
              }
            >
              <div
                className="TextBubbleInnerContainer"
              >
                <div
                  className="TextBubbleInnerCore"
                >
                  <h1
                    style={
                      Object {
                        "color": "rgb(undefined)",
                        "fontSize": 41.6,
                      }
                    }
                  >
                    Dewclaw
                  </h1>
                  <p
                    style={
                      Object {
                        "color": "rgb(undefined)",
                        "fontSize": 21,
                      }
                    }
                  >
                    The dewclaws of the cheetah are located on the upper inside area of the front foot. These are sharp and frequently used to hook and hold prey. 
                  </p>
                </div>
              </div>
            </div>
          </div>
        </div>
      </div>
    </div>
    <div>
      <div
        className="ContentPageSubsectionPartContainer"
      >
        <div
          className="VerticalCushionPadding"
        />
        <div
          className="AfricanWildlifeTracksIllustrationPageWrapper"
        >
          <div
            className="AfricanWildlifeTracksIllustrationOuterContainer"
          >
            <div>
              <h4
                className="IllustrationFontName IllustrationTitleFontSize TextCentered"
              >
                Footprints (spoor)
              </h4>
              <h5
                className="IllustrationFontName IllustrationSubtitleFontSize TextCentered"
              >
                Identify the spoor of these animals
              </h5>
              <div
                className="ui five column grid"
              >
                <div
                  className="row"
                >
                  <div
                    className="column"
                  >
                    <div
                      className="AfricanWildlifeTracksIllustrationItemContainer"
                    >
                      <div
                        className="AfricanWildlifeTracksIllustrationTextRevealContainer"
                      >
                        <div
                          style={
                            Object {
                              "position": "absolute",
                            }
                          }
                        >
                          <div
                            className="ui fade reveal"
                            data-testid="TextRevealComponentTestId"
                          >
                            <div
                              className="ui visible content"
                              data-testid="TextRevealComponentVisiblePartTestId"
                            >
                              <div
                                className="TextRevealComponentCoverContainerDiv"
                              >
                                <img
                                  className="ui image"
                                  height={120}
                                  src="Spoor_Track_Cheetah-min.jpg"
                                  width={120}
                                />
                              </div>
                            </div>
                            <div
                              className="ui hidden content"
                              data-testid="TextRevealComponentHiddenPartTestId"
                            >
                              <div
                                className="TextRevealComponentContentContainerDiv"
                                style={
                                  Object {
                                    "backgroundColor": "#feb628",
                                  }
                                }
                              >
                                <p
                                  className="TextRevealComponentDescriptionText"
                                  data-testid="TextRevealComponentDescriptionTextPartTestId"
                                >
                                  Cheetah
                                </p>
                                <p
                                  className="TextRevealComponentCaptionText"
                                  data-testid="TextRevealComponentCaptionTextPartTestId"
                                />
                              </div>
                            </div>
                          </div>
                        </div>
                      </div>
                    </div>
                  </div>
                  <div
                    className="column"
                  >
                    <div
                      className="AfricanWildlifeTracksIllustrationItemContainer"
                    >
                      <div
                        className="AfricanWildlifeTracksIllustrationTextRevealContainer"
                      >
                        <div
                          style={
                            Object {
                              "position": "absolute",
                            }
                          }
                        >
                          <div
                            className="ui fade reveal"
                            data-testid="TextRevealComponentTestId"
                          >
                            <div
                              className="ui visible content"
                              data-testid="TextRevealComponentVisiblePartTestId"
                            >
                              <div
                                className="TextRevealComponentCoverContainerDiv"
                              >
                                <img
                                  className="ui image"
                                  height={120}
                                  src="Spoor_Track_Leopard-min.jpg"
                                  width={120}
                                />
                              </div>
                            </div>
                            <div
                              className="ui hidden content"
                              data-testid="TextRevealComponentHiddenPartTestId"
                            >
                              <div
                                className="TextRevealComponentContentContainerDiv"
                                style={
                                  Object {
                                    "backgroundColor": "#feb628",
                                  }
                                }
                              >
                                <p
                                  className="TextRevealComponentDescriptionText"
                                  data-testid="TextRevealComponentDescriptionTextPartTestId"
                                >
                                  Leopard
                                </p>
                                <p
                                  className="TextRevealComponentCaptionText"
                                  data-testid="TextRevealComponentCaptionTextPartTestId"
                                />
                              </div>
                            </div>
                          </div>
                        </div>
                      </div>
                    </div>
                  </div>
                  <div
                    className="column"
                  >
                    <div
                      className="AfricanWildlifeTracksIllustrationItemContainer"
                    >
                      <div
                        className="AfricanWildlifeTracksIllustrationTextRevealContainer"
                      >
                        <div
                          style={
                            Object {
                              "position": "absolute",
                            }
                          }
                        >
                          <div
                            className="ui fade reveal"
                            data-testid="TextRevealComponentTestId"
                          >
                            <div
                              className="ui visible content"
                              data-testid="TextRevealComponentVisiblePartTestId"
                            >
                              <div
                                className="TextRevealComponentCoverContainerDiv"
                              >
                                <img
                                  className="ui image"
                                  height={120}
                                  src="Spoor_Track_Lion-min.jpg"
                                  width={120}
                                />
                              </div>
                            </div>
                            <div
                              className="ui hidden content"
                              data-testid="TextRevealComponentHiddenPartTestId"
                            >
                              <div
                                className="TextRevealComponentContentContainerDiv"
                                style={
                                  Object {
                                    "backgroundColor": "#feb628",
                                  }
                                }
                              >
                                <p
                                  className="TextRevealComponentDescriptionText"
                                  data-testid="TextRevealComponentDescriptionTextPartTestId"
                                >
                                  Lion
                                </p>
                                <p
                                  className="TextRevealComponentCaptionText"
                                  data-testid="TextRevealComponentCaptionTextPartTestId"
                                />
                              </div>
                            </div>
                          </div>
                        </div>
                      </div>
                    </div>
                  </div>
                  <div
                    className="column"
                  >
                    <div
                      className="AfricanWildlifeTracksIllustrationItemContainer"
                    >
                      <div
                        className="AfricanWildlifeTracksIllustrationTextRevealContainer"
                      >
                        <div
                          style={
                            Object {
                              "position": "absolute",
                            }
                          }
                        >
                          <div
                            className="ui fade reveal"
                            data-testid="TextRevealComponentTestId"
                          >
                            <div
                              className="ui visible content"
                              data-testid="TextRevealComponentVisiblePartTestId"
                            >
                              <div
                                className="TextRevealComponentCoverContainerDiv"
                              >
                                <img
                                  className="ui image"
                                  height={120}
                                  src="Spoor_Track_Spotted_Hyena-min.jpg"
                                  width={120}
                                />
                              </div>
                            </div>
                            <div
                              className="ui hidden content"
                              data-testid="TextRevealComponentHiddenPartTestId"
                            >
                              <div
                                className="TextRevealComponentContentContainerDiv"
                                style={
                                  Object {
                                    "backgroundColor": "#feb628",
                                  }
                                }
                              >
                                <p
                                  className="TextRevealComponentDescriptionText"
                                  data-testid="TextRevealComponentDescriptionTextPartTestId"
                                >
                                  Spotted hyena
                                </p>
                                <p
                                  className="TextRevealComponentCaptionText"
                                  data-testid="TextRevealComponentCaptionTextPartTestId"
                                />
                              </div>
                            </div>
                          </div>
                        </div>
                      </div>
                    </div>
                  </div>
                  <div
                    className="column"
                  >
                    <div
                      className="AfricanWildlifeTracksIllustrationItemContainer"
                    >
                      <div
                        className="AfricanWildlifeTracksIllustrationTextRevealContainer"
                      >
                        <div
                          style={
                            Object {
                              "position": "absolute",
                            }
                          }
                        >
                          <div
                            className="ui fade reveal"
                            data-testid="TextRevealComponentTestId"
                          >
                            <div
                              className="ui visible content"
                              data-testid="TextRevealComponentVisiblePartTestId"
                            >
                              <div
                                className="TextRevealComponentCoverContainerDiv"
                              >
                                <img
                                  className="ui image"
                                  height={120}
                                  src="Spoor_Track_Wild_Dog-min.jpg"
                                  width={120}
                                />
                              </div>
                            </div>
                            <div
                              className="ui hidden content"
                              data-testid="TextRevealComponentHiddenPartTestId"
                            >
                              <div
                                className="TextRevealComponentContentContainerDiv"
                                style={
                                  Object {
                                    "backgroundColor": "#feb628",
                                  }
                                }
                              >
                                <p
                                  className="TextRevealComponentDescriptionText"
                                  data-testid="TextRevealComponentDescriptionTextPartTestId"
                                >
                                  African wild dog
                                </p>
                                <p
                                  className="TextRevealComponentCaptionText"
                                  data-testid="TextRevealComponentCaptionTextPartTestId"
                                />
                              </div>
                            </div>
                          </div>
                        </div>
                      </div>
                    </div>
                  </div>
                </div>
              </div>
            </div>
          </div>
        </div>
      </div>
    </div>
  </div>
</section>
`;
