// Jest Snapshot v1, https://goo.gl/fbAQLP

exports[`BiologyPageSubsectionLivingFastDyingYoung component snapshot 1`] = `
<div
  className="ContentPageSubsectionTemplateOuterContainer"
>
  <div
    className="ContentPageSubsectionTemplateInnerContainer ContentPageContentInnerContentDimension"
  >
    <h3
      className="ContentPageSubsectionTitle"
    >
      Living Fast - Dying Young
    </h3>
    <div>
      <div
        className="ContentPageSubsectionPartContainer"
      >
        <div
          className="ContentPageSubsectionTwoColumnContentTemplateOuterContainer"
        >
          <div
            className="ContentPageSubsectionTwoColumnContentTemplateInnerContainer"
          >
            <div
              className="ContentPageSubsectionTwoColumnContentTemplateColumnContainer"
            >
              <div
                className="ContentPageSubsectionTwoColumnContentTemplateColumnInnerContainer ContentPageSubsectionTwoColumnContentTemplateColumnInnerContainerLhs"
              >
                <h4
                  className="ContentPageSubsectionSubtitle"
                >
                  Male coalitions
                </h4>
                <p
                  className="ContentPageRegularTextSize ContentPageRegularTextLineHeight ContentPageContentParagraphText"
                >
                  A coalition consists of a group of male siblings of the same litter or young unrelated males that have joined together. A hierarchy develops among the males within a coalition.
                </p>
                <p
                  className="ContentPageRegularTextSize ContentPageRegularTextLineHeight ContentPageContentParagraphText"
                >
                  Young males are usually chased away from their birth range by dominant breeding males. They may establish home ranges more than 100 km away. A coalition is more successful in acquiring and holding territories and in defending kills than single males. This competition can result in mortality among males.
                </p>
              </div>
              <div
                className="ContentPageSubsectionTwoColumnContentTemplateColumnInnerContainer ContentPageSubsectionTwoColumnContentTemplateColumnInnerContainerRhs"
              >
                <h4
                  className="ContentPageSubsectionSubtitle"
                />
                <div
                  className="ImageViewOuterContainer"
                >
                  <div
                    className="ImageViewInnerContainer"
                  >
                    <div
                      className="ImageViewCore"
                    >
                      <img
                        alt="A coalition of cheetahs on the lookout."
                        className="ImageViewImg"
                        src="cheetah_coalition.jpg"
                        style={
                          Object {
                            "height": undefined,
                            "width": 510,
                          }
                        }
                      />
                      <div
                        data-testid="ImageViewComponentCaptionPart"
                      >
                        <div
                          className="CaptionContainer"
                          data-testid="CaptionComponentTestId"
                          style={
                            Object {
                              "width": 510,
                            }
                          }
                        >
                          <div
                            className="IconContainer"
                          >
                            <i
                              aria-hidden="true"
                              className="image icon"
                              onClick={[Function]}
                            />
                          </div>
                          <p
                            className="ContentPageCaptionTextSize CaptionText"
                          >
                            A coalition of cheetahs on the lookout.
                          </p>
                        </div>
                      </div>
                    </div>
                  </div>
                </div>
              </div>
            </div>
          </div>
        </div>
      </div>
      <div
        className="ContentPageSubsectionPartContainer"
      >
        <div
          className="ContentPageSubsectionTwoColumnContentTemplateOuterContainer"
        >
          <div
            className="ContentPageSubsectionTwoColumnContentTemplateInnerContainer"
          >
            <div
              className="ContentPageSubsectionTwoColumnContentTemplateColumnContainer"
            >
              <div
                className="ContentPageSubsectionTwoColumnContentTemplateColumnInnerContainer ContentPageSubsectionTwoColumnContentTemplateColumnInnerContainerLhs"
              >
                <h4
                  className="ContentPageSubsectionSubtitle"
                />
                <div
                  className="ImageViewOuterContainer"
                >
                  <div
                    className="ImageViewInnerContainer"
                  >
                    <div
                      className="ImageViewCore"
                    >
                      <img
                        alt="Cheetahs often have to come to face hyenas in competition of food. (Image credit: Steve Volkwyn)"
                        className="ImageViewImg"
                        src="cheetah_face_hyena.jpg"
                        style={
                          Object {
                            "height": undefined,
                            "width": 640,
                          }
                        }
                      />
                      <div
                        data-testid="ImageViewComponentCaptionPart"
                      >
                        <div
                          className="CaptionContainer"
                          data-testid="CaptionComponentTestId"
                          style={
                            Object {
                              "width": 640,
                            }
                          }
                        >
                          <div
                            className="IconContainer"
                          >
                            <i
                              aria-hidden="true"
                              className="image icon"
                              onClick={[Function]}
                            />
                          </div>
                          <p
                            className="ContentPageCaptionTextSize CaptionText"
                          >
                            Cheetahs often have to come to face hyenas in competition of food. (Image credit: Steve Volkwyn)
                          </p>
                        </div>
                      </div>
                    </div>
                  </div>
                </div>
              </div>
              <div
                className="ContentPageSubsectionTwoColumnContentTemplateColumnInnerContainer ContentPageSubsectionTwoColumnContentTemplateColumnInnerContainerRhs"
              >
                <h4
                  className="ContentPageSubsectionSubtitle"
                >
                  Mortality
                </h4>
                <p
                  className="ContentPageRegularTextSize ContentPageRegularTextLineHeight ContentPageContentParagraphText"
                >
                  The cheetah’s lifespan is poorly documented in the wild. A radio collared cheetah lived to be almost 7 years of age in Tanzania’s Serengeti National Park, and one of CCF’s radio collared cheetahs in Namibia lived for over 10 years.
                </p>
                <p
                  className="ContentPageRegularTextSize ContentPageRegularTextLineHeight ContentPageContentParagraphText"
                >
                  Adult mortality is one of the most significant limiting factors for cheetah population growth and survival. Poaching, competition with large predators and farmers, and loss of habitats and prey are factors attributing to early death.
                </p>
                <p
                  className="ContentPageRegularTextSize ContentPageRegularTextLineHeight ContentPageContentParagraphText"
                >
                  Though cub deaths are high, cheetahs have evolved to reproduce rapidly in response to this mortality.
                </p>
              </div>
            </div>
          </div>
        </div>
      </div>
    </div>
  </div>
</div>
`;
