// Jest Snapshot v1, https://goo.gl/fbAQLP

exports[`BiologyPageSubsectionAbnormalities component snapshot 1`] = `
<div
  className=""
>
  <div
    className="ContentPageSubsectionTemplateOuterContainer ContentPageSubsectionTemplateOuterContainer_DebugColor DebugWireframe"
  >
    <div
      className="ContentPageSubsectionTemplateInnerContainer ContentPageSubsectionTemplateInnerContainer_DebugColor DebugWireframe ContentPageContentInnerContentDimension ContentPageContentInnerContentDimension_DebugColor DebugWireframe"
    >
      <h3
        className="ContentPageSubsectionTitle ContentPageSubsectionTitle_DebugColor DebugWireframe"
      >
        Abnormalities
      </h3>
      <div>
        <p
          className="ContentPageRegularTextSize ContentPageRegularTextSize_DebugColor DebugWireframe ContentPageContentParagraphText ContentPageContentParagraphText_DebugColor DebugWireframe"
        >
          CCF collects data to monitor cheetah genetics, physical qualities and reproduction. Body measurements, blood, and skin samples help evaluate overall health. CCF has recorded the following abnormalities in wild Namibian cheetahs.
        </p>
        <div
          className="VerticalCushionPadding"
        >
          <div
            className="ContentPageSubsectionTwoColumnContentTemplateOuterContainer ContentPageSubsectionTwoColumnContentTemplateOuterContainer_DebugColor DebugWireframe"
          >
            <div
              className="ContentPageSubsectionTwoColumnContentTemplateInnerContainer"
            >
              <div>
                <div
                  className="ui vertically divided grid"
                >
                  <div
                    className="two column row"
                  >
                    <div
                      className="column"
                    >
                      <div
                        className="ContentPageSubsectionTwoColumnContentTemplateColumnInnerContainer ContentPageSubsectionTwoColumnContentTemplateColumnInnerContainer_DebugColor DebugWireframe"
                      >
                        <h2
                          className="ContentPageSubsectionColumnContentTitle ContentPageSubsectionColumnContentTitle_DebugColor DebugWireframe"
                        >
                          Crowded Lower Incisors
                        </h2>
                        <p
                          className="ContentPageRegularTextSize ContentPageRegularTextSize_DebugColor DebugWireframe ContentPageContentParagraphText ContentPageContentParagraphText_DebugColor DebugWireframe"
                        >
                          Cheetahs use their front teeth (incisors) to rapidly skin their prey. Some cheetahs have very crowded and crooked front teeth. This abnormality decreases the amount of meat the cheetah can quickly eat before another predator steals the kill.
                        </p>
                      </div>
                    </div>
                    <div
                      className="column"
                    >
                      <div
                        className="ContentPageSubsectionTwoColumnContentTemplateColumnInnerContainer ContentPageSubsectionTwoColumnContentTemplateColumnInnerContainer_DebugColor DebugWireframe"
                      >
                        <h2
                          className="ContentPageSubsectionColumnContentTitle ContentPageSubsectionColumnContentTitle_DebugColor DebugWireframe"
                        >
                          Birth Defects
                        </h2>
                        <p
                          className="ContentPageRegularTextSize ContentPageRegularTextSize_DebugColor DebugWireframe ContentPageContentParagraphText ContentPageContentParagraphText_DebugColor DebugWireframe"
                        >
                          Congenital (Genetic) Birth Defects, such as five legged and two-headed cubs are often reported in cheetahs and cause high infant mortality. Defects are a result of low genetic diversity. This problem is also reported in other inbred species.
                        </p>
                      </div>
                    </div>
                  </div>
                </div>
              </div>
            </div>
          </div>
        </div>
        <div
          className="VerticalCushionPadding"
        >
          <div
            className="ContentPageSubsectionTwoColumnContentTemplateOuterContainer ContentPageSubsectionTwoColumnContentTemplateOuterContainer_DebugColor DebugWireframe"
          >
            <div
              className="ContentPageSubsectionTwoColumnContentTemplateInnerContainer"
            >
              <div>
                <div
                  className="ui vertically divided grid"
                >
                  <div
                    className="two column row"
                  >
                    <div
                      className="column"
                    >
                      <div
                        className="ContentPageSubsectionTwoColumnContentTemplateColumnInnerContainer ContentPageSubsectionTwoColumnContentTemplateColumnInnerContainer_DebugColor DebugWireframe"
                      >
                        <h2
                          className="ContentPageSubsectionColumnContentTitle ContentPageSubsectionColumnContentTitle_DebugColor DebugWireframe"
                        >
                          Focal Palatine Erosion
                        </h2>
                        <p
                          className="ContentPageRegularTextSize ContentPageRegularTextSize_DebugColor DebugWireframe ContentPageContentParagraphText ContentPageContentParagraphText_DebugColor DebugWireframe"
                        >
                          This abnormality occurs when the lower molar (back teeth) damage and break through the upper palate (roof of mouth). Dental impressions and skull X-rays allow CCF to relate problems with information on generics, health, diet, and geographic origin of affected cheetahs. Palatine erosion is reported in both captive and wild cheetahs and can lead to fatal infection.
                        </p>
                      </div>
                    </div>
                    <div
                      className="column"
                    >
                      <div
                        className="ContentPageSubsectionTwoColumnContentTemplateColumnInnerContainer ContentPageSubsectionTwoColumnContentTemplateColumnInnerContainer_DebugColor DebugWireframe"
                      >
                        <h2
                          className="ContentPageSubsectionColumnContentTitle ContentPageSubsectionColumnContentTitle_DebugColor DebugWireframe"
                        >
                          Abnormal Sperm
                        </h2>
                        <p
                          className="ContentPageRegularTextSize ContentPageRegularTextSize_DebugColor DebugWireframe ContentPageContentParagraphText ContentPageContentParagraphText_DebugColor DebugWireframe"
                        >
                          A high frequency of sperm abnormalities (71%) first alerted researchers to the genetic problems of cheetahs. Cheetahs have a very low sperm count - 10 times lower than a domestic cat. Sperm abnormalities usually indicate a high level of inbreeding in the population. Cheetahs breed normally despite this problem and long term monitoring will follow their success rate.
                        </p>
                      </div>
                    </div>
                  </div>
                </div>
              </div>
            </div>
          </div>
        </div>
        <div
          className="OverflowHidden VerticalCushionPadding"
        >
          <div
            className="FloatRight"
          >
            <div
              className="ImageViewOuterContainer"
            >
              <div
                className="ImageViewInnerContainer"
              >
                <div
                  className="ImageViewCore"
                >
                  <img
                    alt="Kinked tail."
                    className="ImageViewImg"
                    src="cheetah_kinked_tail.jpg"
                    style={
                      Object {
                        "height": 427,
                        "width": 640,
                      }
                    }
                  />
                  <div
                    data-testid="ImageViewComponentCaptionPart"
                  >
                    <div
                      className="CaptionContainer CaptionContainer_DebugColor DebugWireframe"
                      data-testid="CaptionComponentTestId"
                      style={
                        Object {
                          "width": 640,
                        }
                      }
                    >
                      <div
                        className="IconContainer IconContainer_DebugColor DebugWireframe"
                      >
                        <i
                          aria-hidden="true"
                          className="image icon"
                          onClick={[Function]}
                        />
                      </div>
                      <p
                        className="ContentPageCaptionTextSize ContentPageCaptionTextSize_DebugColor DebugWireframe CaptionText CaptionText_DebugColor DebugWireframe"
                      >
                        Kinked tail.
                      </p>
                    </div>
                  </div>
                </div>
              </div>
            </div>
          </div>
          <h2
            className="ContentPageSubsectionColumnContentTitle"
          >
            Kinked Tails
          </h2>
          <p
            className="ContentPageRegularTextSize ContentPageRegularTextSize_DebugColor DebugWireframe ContentPageContentParagraphText ContentPageContentParagraphText_DebugColor DebugWireframe"
          >
            Crooked tails have been recorded in 19% of the Namibian cheetahs evaluated since 1995. This is the first documentation of this abnormality in wild cheetahs and could be linked to a lack of genetic diversity.
          </p>
        </div>
      </div>
    </div>
  </div>
</div>
`;
