// Jest Snapshot v1, https://goo.gl/fbAQLP

exports[`BiologyPageSubsectionAnatomy component snapshot 1`] = `
<section
  className="ContentPageSubsectionTemplateOuterContainer CommonRoundedBorderRadiusStyle"
  style={
    Object {
      "backgroundColor": "#98DBC6",
    }
  }
>
  <h3
    className="ContentPageSubsectionTitle"
  >
    Anatomy
  </h3>
  <div>
    <p
      className="ContentPageRegularTextSize ContentPageRegularTextLineHeight ContentPageContentParagraphText"
    >
      All parts of the cheetah's body work in unison during a high speed run, and the sum of each of their role together is greater than the individual parts. Explore the illustration below to learn about the role and function of each highlighted body part.
    </p>
    <div>
      <div
        className="BiologyPageSubsectionAnatomyCheetahSkeletalAnatomyDiagramContainer"
      >
        <div
          className="PopUpLabelledDiagramOuterComponent"
          style={
            Object {
              "backgroundImage": "url(cheetah_skeletal_anatomy-min.jpg)",
              "height": 640,
              "width": 960,
            }
          }
        >
          <div
            className="PopUpLabelledDiagramInnerComponent"
          >
            <div
              className="PopUpLabelledDiagramPopUpItemComponent"
              style={
                Object {
                  "left": 460,
                  "top": 80,
                }
              }
            >
              <button
                className="ui blue mini circular icon button"
                onBlur={[Function]}
                onClick={[Function]}
                onFocus={[Function]}
                onMouseEnter={[Function]}
                onMouseLeave={[Function]}
              >
                <i
                  aria-hidden="true"
                  className="plus icon"
                  onClick={[Function]}
                />
              </button>
            </div>
            <div
              className="PopUpLabelledDiagramPopUpItemComponent"
              style={
                Object {
                  "left": 180,
                  "top": 200,
                }
              }
            >
              <button
                className="ui blue mini circular icon button"
                onBlur={[Function]}
                onClick={[Function]}
                onFocus={[Function]}
                onMouseEnter={[Function]}
                onMouseLeave={[Function]}
              >
                <i
                  aria-hidden="true"
                  className="plus icon"
                  onClick={[Function]}
                />
              </button>
            </div>
            <div
              className="PopUpLabelledDiagramPopUpItemComponent"
              style={
                Object {
                  "left": 320,
                  "top": 180,
                }
              }
            >
              <button
                className="ui blue mini circular icon button"
                onBlur={[Function]}
                onClick={[Function]}
                onFocus={[Function]}
                onMouseEnter={[Function]}
                onMouseLeave={[Function]}
              >
                <i
                  aria-hidden="true"
                  className="plus icon"
                  onClick={[Function]}
                />
              </button>
            </div>
            <div
              className="PopUpLabelledDiagramPopUpItemComponent"
              style={
                Object {
                  "left": 380,
                  "top": 400,
                }
              }
            >
              <button
                className="ui blue mini circular icon button"
                onBlur={[Function]}
                onClick={[Function]}
                onFocus={[Function]}
                onMouseEnter={[Function]}
                onMouseLeave={[Function]}
              >
                <i
                  aria-hidden="true"
                  className="plus icon"
                  onClick={[Function]}
                />
              </button>
            </div>
            <div
              className="PopUpLabelledDiagramPopUpItemComponent"
              style={
                Object {
                  "left": 550,
                  "top": 200,
                }
              }
            >
              <button
                className="ui blue mini circular icon button"
                onBlur={[Function]}
                onClick={[Function]}
                onFocus={[Function]}
                onMouseEnter={[Function]}
                onMouseLeave={[Function]}
              >
                <i
                  aria-hidden="true"
                  className="plus icon"
                  onClick={[Function]}
                />
              </button>
            </div>
            <div
              className="PopUpLabelledDiagramPopUpItemComponent"
              style={
                Object {
                  "left": 780,
                  "top": 200,
                }
              }
            >
              <button
                className="ui blue mini circular icon button"
                onBlur={[Function]}
                onClick={[Function]}
                onFocus={[Function]}
                onMouseEnter={[Function]}
                onMouseLeave={[Function]}
              >
                <i
                  aria-hidden="true"
                  className="plus icon"
                  onClick={[Function]}
                />
              </button>
            </div>
          </div>
        </div>
      </div>
    </div>
  </div>
</section>
`;
