// Jest Snapshot v1, https://goo.gl/fbAQLP

exports[`App component snapshot 1`] = `
<div
  className="HomePage"
  data-testid="HomePageTestId"
>
  <div
    className="ui top fixed TopNavBarMenu menu"
    data-testid="TopNavBarComponentTestId"
  >
    <div
      className="ui container"
    >
      <a
        className="header item"
        data-testid="TopNavBarComponentMainNavBarItemTestId"
        href="https://cheetah.org"
        onClick={[Function]}
      >
        <img
          className="ui small image"
          src="cheetah-conservation-fund-30-logo.svg"
          style={
            Object {
              "marginRight": "1.5em",
            }
          }
        />
      </a>
      <a
        className="item"
        href="https://www.iucnredlist.org/species/219/50649567"
        onClick={[Function]}
        target="_blank"
      >
        IUCN Status
      </a>
      <a
        className="item"
        href="https://wildnet.org/wildlife-programs/cheetah-namibia/"
        onClick={[Function]}
        target="_blank"
      >
        Conservation
      </a>
      <a
        className="item"
        href="https://cheetah.org/get-involved/ways-to-give/"
        onClick={[Function]}
        target="_blank"
      >
        Get Involved
      </a>
    </div>
  </div>
  <div
    className="ui vertical center aligned segment LandingPageGatewayOuterContainer LandingPageGatewayBackgroundStyle1"
    data-testid="LandingPageGatewayComponentTestId"
  >
    <div
      className="ui container LandingPageGatewayCoreContentContainer"
    >
      <h1
        className="ui inverted header"
      >
        Learn about cheetahs
      </h1>
      <h2
        className="ui inverted header"
        data-testid="LandingPageGatewayComponentSubtitlePartTestId"
      >
        Explore the Cheetah Museum at Cheetah Conservation Fund
      </h2>
      <a
        href="#Explore"
      >
        <button
          className="ui huge basic inverted button"
          onClick={[Function]}
        >
          Explore
        </button>
      </a>
    </div>
  </div>
  <div
    data-testid="ExploreGatewayComponentTestId"
    id="Explore"
  >
    <div
      className="ExploreGatewayIntro"
      data-testid="ExploreGatewayIntroTestId"
    >
      <div
        className="VerticalCushionPadding"
      >
        <img
          alt="CCF Cheetah Museum"
          className="ExploreGatewayIntroCCFCheetahMuseumImage"
          src="CCF_Cheetah_Museum.jpg"
        />
      </div>
      <div
        className="VerticalCushionPadding"
      >
        <div
          className="ui container"
          width={8}
        >
          <div
            className="ui huge center aligned header"
          >
            Explore CCF’s Cheetah Museum in Namibia and learn about the cheetahs, all at the comfort of your home.
          </div>
        </div>
      </div>
      <div
        className="ExploreGatewayIntroCenterGrid VerticalCushionPadding"
      >
        <div
          className="FluidTwoColumnContainerOuterContainer"
        >
          <div
            className="FluidTwoColumnContainerColumnContainer"
          >
            <div
              className="ExploreGatewayIntroCenterGridLhsColumnStyle"
            >
              <p
                className="CCFMissionStatementQuote"
              >
                “CCF is Changing the World to Save the Cheetah” - Dr. Laurie Marker
              </p>
            </div>
          </div>
          <div
            className="FluidTwoColumnContainerColumnContainer"
          >
            <div
              className="ExploreGatewayIntroCenterGridRhsColumnStyle"
            >
              <div
                className="ui inverted segment"
              >
                <p
                  className="JoinTheRace"
                >
                  Join the race to 
                  <a
                    href="https://twitter.com/search?q=%23SaveTheCheetah"
                    rel="noopener noreferrer"
                    target="_blank"
                  >
                    <span
                      className="SafeTheCheetah"
                    >
                      #SafeTheCheetah
                    </span>
                  </a>
                </p>
                <p>
                  Cheetahs can't win without us.
                </p>
                <a
                  className="ui basic inverted button"
                  href="https://cheetah.org/get-involved/ways-to-give/"
                  onClick={[Function]}
                  role="button"
                >
                  Get Involved
                </a>
              </div>
            </div>
          </div>
        </div>
      </div>
    </div>
    <div
      className="ui container stackable center aligned four column grid"
      data-testid="ExploreGatewayGridTestId"
    >
      <div
        className="column ExploreGatewayGridItemColumn"
      >
        <div
          className="ExploreGatewayGridItemImageWrapper"
        >
          <a
            className="ExploreGatewayGridItemImageAnchor"
            data-testid="ExploreGatewayGridItemImageAnchorTestId"
            href="history"
          >
            <img
              className="ui medium image ExploreGatewayGridItemImage"
              data-testid="ExploreGatewayGridItemImageTestId"
              src="explore_gateway_grid_item_img_01.jpg"
            />
          </a>
        </div>
        <h2
          className="ui left aligned header ExploreGatewayGridItemHeader"
        >
          History
        </h2>
      </div>
      <div
        className="column ExploreGatewayGridItemColumn"
      >
        <div
          className="ExploreGatewayGridItemImageWrapper"
        >
          <a
            className="ExploreGatewayGridItemImageAnchor"
            data-testid="ExploreGatewayGridItemImageAnchorTestId"
            href="biology"
          >
            <img
              className="ui medium image ExploreGatewayGridItemImage"
              data-testid="ExploreGatewayGridItemImageTestId"
              src="explore_gateway_grid_item_img_02.jpg"
            />
          </a>
        </div>
        <h2
          className="ui left aligned header ExploreGatewayGridItemHeader"
        >
          Biology
        </h2>
      </div>
      <div
        className="column ExploreGatewayGridItemColumn"
      >
        <div
          className="ExploreGatewayGridItemImageWrapper"
        >
          <a
            className="ExploreGatewayGridItemImageAnchor"
            data-testid="ExploreGatewayGridItemImageAnchorTestId"
            href="ecology"
          >
            <img
              className="ui medium image ExploreGatewayGridItemImage"
              data-testid="ExploreGatewayGridItemImageTestId"
              src="explore_gateway_grid_item_img_03.jpg"
            />
          </a>
        </div>
        <h2
          className="ui left aligned header ExploreGatewayGridItemHeader"
        >
          Ecology
        </h2>
      </div>
      <div
        className="column ExploreGatewayGridItemColumn"
      >
        <div
          className="ExploreGatewayGridItemImageWrapper"
        >
          <a
            className="ExploreGatewayGridItemImageAnchor"
            data-testid="ExploreGatewayGridItemImageAnchorTestId"
            href="future"
          >
            <img
              className="ui medium image ExploreGatewayGridItemImage"
              data-testid="ExploreGatewayGridItemImageTestId"
              src="explore_gateway_grid_item_img_04.jpg"
            />
          </a>
        </div>
        <h2
          className="ui left aligned header ExploreGatewayGridItemHeader"
        >
          Future
        </h2>
      </div>
    </div>
    <br />
  </div>
  <div
    className="ui inverted segment"
    data-testid="FooterComponentTestId"
    style={
      Object {
        "padding": "5em 0em",
      }
    }
  >
    <div
      className="ui container"
    >
      <div
        className="ui inverted stackable divided grid"
      >
        <div
          className="row"
        >
          <div
            className="three wide column"
          >
            <img
              className="ui small image"
              src="cheetah-conservation-fund-logo.jpg"
            />
          </div>
          <div
            className="six wide column"
          >
            <h4
              className="ui inverted header"
            >
              Resources
            </h4>
            <div
              className="ui inverted link list"
              role="list"
            >
              <a
                className="item"
                href="https://cheetah.org/about/what-we-do/"
                onClick={[Function]}
                role="listitem"
                target="_blank"
              >
                About CCF
              </a>
              <a
                className="item"
                href="https://animalfactguide.com/animal-facts/cheetah/"
                onClick={[Function]}
                role="listitem"
                target="_blank"
              >
                Cheetah Fun Facts
              </a>
              <a
                className="item"
                href="https://wildnet.org/wildlife-programs/cheetah-namibia/"
                onClick={[Function]}
                role="listitem"
                target="_blank"
              >
                Wildlife Conservation Network & CCF
              </a>
              <a
                className="item"
                href="https://www.iucnredlist.org/species/219/50649567"
                onClick={[Function]}
                role="listitem"
                target="_blank"
              >
                IUCN Red List - Cheetah
              </a>
            </div>
          </div>
          <div
            className="seven wide column"
          >
            <h4
              className="ui inverted header"
            >
              Cheetah Conservation Fund
            </h4>
            <p
              data-testid="footerSectionCCF"
            >
              <a
                href="https://cheetah.org/"
              >
                Cheetah Conservation Fund
              </a>
               is a 501(c)(3) nonprofit organization, dedicated to saving the cheetahs in the wild and changing the world to be a better place.
            </p>
            <p>
              All textual content presented on this site are copyright of Cheetah Conservation Fund.
            </p>
            <p>
              This site is not an affiliation of Cheetah Conservation Fund.
            </p>
            <p>
              Made with 
              <span
                aria-label="heart"
                role="img"
              >
                ❤️
              </span>
               by 
              Will Li
            </p>
          </div>
        </div>
      </div>
    </div>
  </div>
</div>
`;
