// Jest Snapshot v1, https://goo.gl/fbAQLP

exports[`HistoryPageSubsectionNamibia component snapshot 1`] = `
<section
  className="ContentPageSubsectionTemplateOuterContainer CommonRoundedBorderRadiusStyle"
  style={
    Object {
      "backgroundColor": "rgb(216, 216, 216)",
    }
  }
>
  <h3
    className="ContentPageSubsectionTitle"
  >
    Namibia - Cheetah Capital of the World
  </h3>
  <div
    className="HistoryPageSubsectionNamibiaInnerContainer"
  >
    <div>
      <div
        className="ContentPageSubsectionThreeColumnContentTemplateOuterContainer"
      >
        <div
          className="ContentPageSubsectionThreeColumnContentTemplateInnerContainer"
        >
          <div
            className="ContentPageSubsectionThreeColumnContentTemplateColumn ContentPageSubsectionThreeColumnContentTemplateLeftColumnContainer"
          >
            <h4
              className="ContentPageSubsectionSubtitle"
            >
              Namibia
            </h4>
            <h5
              className="ContentPageSubsectionSubtitleSecondary"
            >
              Cheetah Capital of the World
            </h5>
            <div>
              <div>
                <p
                  className="ContentPageRegularTextSize ContentPageRegularTextLineHeight ContentPageContentParagraphText"
                >
                  Namibia has the world's largest cheetah population. Approximately 3000 cheetahs share the land with humans, livestock, and wildlife.
                </p>
                <p
                  className="ContentPageRegularTextSize ContentPageRegularTextLineHeight ContentPageContentParagraphText"
                >
                  Today, the status of the Namibian cheetah is stabilizing. During the 1980s, the population of Namibian cheetahs declined by half. In the 10-year period, nearly 7,000 cheetahs were removed from the wild.
                </p>
                <p
                  className="ContentPageRegularTextSize ContentPageRegularTextLineHeight ContentPageContentParagraphText"
                >
                  In most countries where cheetahs live, their numbers have been reduced to critical levels. The cheetah's survival worldwide is in human hands.
                </p>
                <div
                  className="ui inverted segment StatsLabel"
                >
                  <div
                    className="ui orange huge inverted statistic"
                  >
                    <div
                      className="value"
                    >
                      21%
                    </div>
                    <div
                      className="label"
                    >
                      of the world's wild cheetahs live in Namibia
                    </div>
                  </div>
                </div>
              </div>
            </div>
          </div>
          <div
            className="ContentPageSubsectionThreeColumnContentTemplateColumn ContentPageSubsectionThreeColumnContentTemplateMiddleColumnContainer"
            style={
              Object {
                "backgroundColor": "rgb(undefined)",
              }
            }
          >
            <div>
              <div
                className="Centered"
                style={
                  Object {
                    "maxWidth": 640,
                  }
                }
              >
                <div
                  className="ImageViewOuterContainer"
                  style={
                    Object {
                      "maxWidth": 640,
                    }
                  }
                >
                  <div
                    className="ImageViewInnerContainer ImageViewFamilyContainerBorderStyles ImageViewFamilyContainerShadow ImageViewFamilyContainerBackgroundStyles"
                  >
                    <div
                      className="ImageViewImgContainer"
                    >
                      <img
                        alt="Cheetah distribution and population density in Namibia."
                        className="ImageViewFamilyImgLayoutStyles ImageViewFamilyImgBorderStyles"
                        height={640}
                        src="Cheetah_Occurrence_Range_Map_Namibia-min.png"
                        width={640}
                      />
                    </div>
                    <div
                      className="ImageViewFamilyCaptionContainerStyles"
                    >
                      <div
                        className="CaptionContainer"
                        data-testid="CaptionComponentTestId"
                        style={
                          Object {
                            "maxWidth": 640,
                          }
                        }
                      >
                        <div
                          className="IconContainer"
                        >
                          <i
                            aria-hidden="true"
                            className="image icon"
                            onClick={[Function]}
                          />
                        </div>
                        <p
                          className="ContentPageCaptionTextSize CaptionText"
                        >
                          Cheetah distribution and population density in Namibia.
                        </p>
                      </div>
                    </div>
                  </div>
                </div>
              </div>
            </div>
          </div>
          <div
            className="ContentPageSubsectionThreeColumnContentTemplateColumn ContentPageSubsectionThreeColumnContentTemplateRightColumnContainer"
          >
            <h4
              className="ContentPageSubsectionSubtitle"
            >
              Namibia
            </h4>
            <h5
              className="ContentPageSubsectionSubtitleSecondary"
            >
              Hope for the Future
            </h5>
            <div>
              <div>
                <p
                  className="ContentPageRegularTextSize ContentPageRegularTextLineHeight ContentPageContentParagraphText"
                >
                  The greatest hope for the cheetah's survival lies in the pristine countryside of Namibia. Nearly 1000 Namibian farmers control the fate of the country's cheetahs and the land they live.
                </p>
                <div
                  className="ui inverted segment StatsLabel"
                >
                  <div
                    className="ui yellow huge inverted statistic"
                  >
                    <div
                      className="value"
                    >
                      90%
                    </div>
                    <div
                      className="label"
                    >
                      of Namibia's cheetahs live on communal and commercial livestock and game farms
                    </div>
                  </div>
                </div>
              </div>
            </div>
          </div>
        </div>
      </div>
    </div>
    <br />
    <br />
    <div
      className="MediaLinkButton CommonButtonRoundedBorderRadiusStyle"
    >
      <a
        href="https://www.ncbi.nlm.nih.gov/pmc/articles/PMC5729830/"
      >
        <span>
          The distribution and numbers of cheetah (Acinonyx jubatus) in southern Africa
        </span>
        <i
          aria-hidden="true"
          className="file alternate outline icon"
          onClick={[Function]}
        />
      </a>
    </div>
  </div>
</section>
`;
