// Jest Snapshot v1, https://goo.gl/fbAQLP

exports[`LandingPageGateway component snapshot 1`] = `
<div
  className="ui vertical center aligned segment LandingPageGatewayOuterContainer LandingPageGatewayBackgroundStyle"
  data-testid="LandingPageGatewayComponentTestId"
>
  <div
    className="ui container LandingPageGatewayCoreContentContainer"
  >
    <h1
      className="ui inverted header"
    >
      Learn about cheetahs
    </h1>
    <h2
      className="ui inverted header"
      data-testid="LandingPageGatewayComponentSubtitlePartTestId"
    >
      Explore the 
      <span
        className="BrandColorSecondary"
      >
        Cheetah Museum
      </span>
       at 
      <span
        className="BrandColorPrimary"
      >
        Cheetah Conservation Fund
      </span>
    </h2>
    <a
      href="#Explore"
    >
      <button
        className="ui huge basic inverted button"
        onClick={[Function]}
      >
        Explore
      </button>
    </a>
  </div>
</div>
`;
