// Jest Snapshot v1, https://goo.gl/fbAQLP

exports[`FuturePageTail component snapshot 1`] = `
<section
  className="ContentPageSubsectionTemplateOuterContainer CommonRoundedBorderRadiusStyle"
  style={
    Object {
      "backgroundColor": undefined,
    }
  }
>
  <h3
    className="ContentPageSubsectionTitle"
  />
  <div
    className="FuturePageTailOuterContainer"
  >
    <div
      className="FuturePageTailStatementBoxOuterContainer"
    >
      <div
        className="FuturePageTailStatementBoxInnerContainer"
      >
        <h5
          className="FuturePageTailTitle TextCentered"
        >
          Cheetah Conservation Fund Vision Statement
        </h5>
        <div
          className="FuturePageTailVisionStatementTextContainer"
        >
          <p
            className="FuturePageTailVisionStatementText TextCentered"
          >
            We see a world in which cheetahs live and flourish in coexistence with people and the environment.
          </p>
        </div>
      </div>
    </div>
  </div>
</section>
`;
