// Jest Snapshot v1, https://goo.gl/fbAQLP

exports[`FuturePageSubsectionWhatIsConservation component snapshot 1`] = `
<div
  className="ContentPageSubsectionTemplateOuterContainer"
>
  <div
    className="ContentPageSubsectionTemplateInnerContainer ContentPageContentInnerContentDimension"
  >
    <h3
      className="ContentPageSubsectionTitle"
    >
      What is Conservation?
    </h3>
    <div>
      <div
        className="ContentPageSubsectionPartContainer"
      >
        <div
          className="ContentPageSideFloatFluidContainerOuterContainer OverflowHidden"
        >
          <div
            className="ContentPageSideFloatFluidContainerFloatPartContainer BottomMargin20px FloatRight HorizontalCusionPaddingLeft"
          >
            <img
              alt="Conservation is taking care of the environment in which we live."
              src="earth_environment-min.png"
            />
          </div>
          <div
            className="ContentPageSideFloatFluidContainerFixedPartContainer"
          >
            <p
              className="ContentPageRegularTextSize ContentPageRegularTextLineHeight ContentPageContentParagraphText"
            >
              Conservation is taking care of the environment in which we live. This means using everything wisely so some of it is left for others to use or for our own future use. The things we use are called RESOURCES. These can be almost anything: food, the air we breathe, firewood, petrol and zinc footing panels. Conservationists understand that RESOURCES ARE LIMITED and often scarce and that we must use them wisely. In Namibia, fresh water is one of our scarcest resources.
            </p>
            <p
              className="ContentPageRegularTextSize ContentPageRegularTextLineHeight ContentPageContentParagraphText"
            >
              Conservation also means protecting resources we may not use.
            </p>
            <p
              className="ContentPageRegularTextSize ContentPageRegularTextLineHeight ContentPageContentParagraphText"
            >
              Walking around, rather than stepping on a plant, is an act of conservation.
            </p>
            <p
              className="ContentPageRegularTextSize ContentPageRegularTextLineHeight ContentPageContentParagraphText"
            >
              Protecting a species like the cheetah from extinction is an act of conservation.
            </p>
          </div>
        </div>
      </div>
      <div
        className="ContentPageSubsectionPartContainer"
      >
        <div
          className="ContentPageSubsectionThreeColumnContentTemplateOuterContainer"
        >
          <div
            className="ContentPageSubsectionThreeColumnContentTemplateInnerContainer"
          >
            <div
              className="ContentPageSubsectionThreeColumnContentTemplateColumnContainer"
            >
              <div
                className="ContentPageSubsectionThreeColumnContentTemplateColumn ContentPageSubsectionThreeColumnContentTemplateLeftColumnContainer"
              >
                <h4
                  className="ContentPageSubsectionSubtitle"
                >
                  Environmental Education
                </h4>
                <h5
                  className="ContentPageSubsectionSubtitleSecondary"
                />
                <div>
                  <p
                    className="ContentPageRegularTextSize ContentPageRegularTextLineHeight ContentPageContentParagraphText"
                  >
                    Environmental education encourages the wise use of natural resources including water and land use, waste management and recycling.
                  </p>
                </div>
              </div>
              <div
                className="ContentPageSubsectionThreeColumnContentTemplateColumn ContentPageSubsectionThreeColumnContentTemplateMiddleColumnContainer"
                style={
                  Object {
                    "backgroundColor": "rgb(undefined)",
                  }
                }
              >
                <div>
                  <img
                    alt=""
                    className="FullWidth"
                    src="earth_biodiversity-min.png"
                  />
                </div>
              </div>
              <div
                className="ContentPageSubsectionThreeColumnContentTemplateColumn ContentPageSubsectionThreeColumnContentTemplateRightColumnContainer"
              >
                <h4
                  className="ContentPageSubsectionSubtitle"
                >
                  Conservation Biology
                </h4>
                <h5
                  className="ContentPageSubsectionSubtitleSecondary"
                />
                <div>
                  <p
                    className="ContentPageRegularTextSize ContentPageRegularTextLineHeight ContentPageContentParagraphText"
                  >
                    Conservation Biology is a field of study at universities. It combines several sciences, such as biology, ecology and genetics, to examine why there are so many types of living things on Earth and what makes some of them scarce.
                  </p>
                </div>
              </div>
            </div>
          </div>
        </div>
      </div>
    </div>
  </div>
</div>
`;
